
=== button.tsx ===
import { Button as ButtonPrimitive } from "@base-ui/react/button"
import { cva, type VariantProps } from "class-variance-authority"

import { cn } from "@/lib/utils"

const buttonVariants = cva(
  "group/button inline-flex shrink-0 items-center justify-center rounded-lg border border-transparent bg-clip-padding text-sm font-medium whitespace-nowrap transition-all outline-none select-none focus-visible:border-ring focus-visible:ring-3 focus-visible:ring-ring/50 active:not-aria-[haspopup]:translate-y-px disabled:pointer-events-none disabled:opacity-50 aria-invalid:border-destructive aria-invalid:ring-3 aria-invalid:ring-destructive/20 dark:aria-invalid:border-destructive/50 dark:aria-invalid:ring-destructive/40 [&_svg]:pointer-events-none [&_svg]:shrink-0 [&_svg:not([class*='size-'])]:size-4",
  {
    variants: {
      variant: {
        default: "bg-primary text-primary-foreground [a]:hover:bg-primary/80",
        outline:
          "border-border bg-background hover:bg-muted hover:text-foreground aria-expanded:bg-muted aria-expanded:text-foreground dark:border-input dark:bg-input/30 dark:hover:bg-input/50",
        secondary:
          "bg-secondary text-secondary-foreground hover:bg-secondary/80 aria-expanded:bg-secondary aria-expanded:text-secondary-foreground",
        ghost:
          "hover:bg-muted hover:text-foreground aria-expanded:bg-muted aria-expanded:text-foreground dark:hover:bg-muted/50",
        destructive:
          "bg-destructive/10 text-destructive hover:bg-destructive/20 focus-visible:border-destructive/40 focus-visible:ring-destructive/20 dark:bg-destructive/20 dark:hover:bg-destructive/30 dark:focus-visible:ring-destructive/40",
        link: "text-primary underline-offset-4 hover:underline",
      },
      size: {
        default:
          "h-8 gap-1.5 px-2.5 has-data-[icon=inline-end]:pr-2 has-data-[icon=inline-start]:pl-2",
        xs: "h-6 gap-1 rounded-[min(var(--radius-md),10px)] px-2 text-xs in-data-[slot=button-group]:rounded-lg has-data-[icon=inline-end]:pr-1.5 has-data-[icon=inline-start]:pl-1.5 [&_svg:not([class*='size-'])]:size-3",
        sm: "h-7 gap-1 rounded-[min(var(--radius-md),12px)] px-2.5 text-[0.8rem] in-data-[slot=button-group]:rounded-lg has-data-[icon=inline-end]:pr-1.5 has-data-[icon=inline-start]:pl-1.5 [&_svg:not([class*='size-'])]:size-3.5",
        lg: "h-9 gap-1.5 px-2.5 has-data-[icon=inline-end]:pr-2 has-data-[icon=inline-start]:pl-2",
        icon: "size-8",
        "icon-xs":
          "size-6 rounded-[min(var(--radius-md),10px)] in-data-[slot=button-group]:rounded-lg [&_svg:not([class*='size-'])]:size-3",
        "icon-sm":
          "size-7 rounded-[min(var(--radius-md),12px)] in-data-[slot=button-group]:rounded-lg",
        "icon-lg": "size-9",
      },
    },
    defaultVariants: {
      variant: "default",
      size: "default",
    },
  }
)

function Button({
  className,
  variant = "default",
  size = "default",
  ...props
}: ButtonPrimitive.Props & VariantProps<typeof buttonVariants>) {
  return (
    <ButtonPrimitive
      data-slot="button"
      className={cn(buttonVariants({ variant, size, className }))}
      {...props}
    />
  )
}

export { Button, buttonVariants }


=== dialog.tsx ===
"use client"

import * as React from "react"
import { Dialog as DialogPrimitive } from "@base-ui/react/dialog"

import { cn } from "@/lib/utils"
import { Button } from "@/components/ui/button"
import { XIcon } from "lucide-react"

function Dialog({ ...props }: DialogPrimitive.Root.Props) {
  return <DialogPrimitive.Root data-slot="dialog" {...props} />
}

function DialogTrigger({ ...props }: DialogPrimitive.Trigger.Props) {
  return <DialogPrimitive.Trigger data-slot="dialog-trigger" {...props} />
}

function DialogPortal({ ...props }: DialogPrimitive.Portal.Props) {
  return <DialogPrimitive.Portal data-slot="dialog-portal" {...props} />
}

function DialogClose({ ...props }: DialogPrimitive.Close.Props) {
  return <DialogPrimitive.Close data-slot="dialog-close" {...props} />
}

function DialogOverlay({
  className,
  ...props
}: DialogPrimitive.Backdrop.Props) {
  return (
    <DialogPrimitive.Backdrop
      data-slot="dialog-overlay"
      className={cn(
        "fixed inset-0 isolate z-50 bg-black/10 duration-100 supports-backdrop-filter:backdrop-blur-xs data-open:animate-in data-open:fade-in-0 data-closed:animate-out data-closed:fade-out-0",
        className
      )}
      {...props}
    />
  )
}

function DialogContent({
  className,
  children,
  showCloseButton = true,
  ...props
}: DialogPrimitive.Popup.Props & {
  showCloseButton?: boolean
}) {
  return (
    <DialogPortal>
      <DialogOverlay />
      <DialogPrimitive.Popup
        data-slot="dialog-content"
        className={cn(
          "fixed top-1/2 left-1/2 z-50 grid w-full max-w-[calc(100%-2rem)] -translate-x-1/2 -translate-y-1/2 gap-4 rounded-xl bg-popover p-4 text-sm text-popover-foreground ring-1 ring-foreground/10 duration-100 outline-none sm:max-w-sm data-open:animate-in data-open:fade-in-0 data-open:zoom-in-95 data-closed:animate-out data-closed:fade-out-0 data-closed:zoom-out-95",
          className
        )}
        {...props}
      >
        {children}
        {showCloseButton && (
          <DialogPrimitive.Close
            data-slot="dialog-close"
            render={
              <Button
                variant="ghost"
                className="absolute top-2 right-2"
                size="icon-sm"
              />
            }
          >
            <XIcon
            />
            <span className="sr-only">Close</span>
          </DialogPrimitive.Close>
        )}
      </DialogPrimitive.Popup>
    </DialogPortal>
  )
}

function DialogHeader({ className, ...props }: React.ComponentProps<"div">) {
  return (
    <div
      data-slot="dialog-header"
      className={cn("flex flex-col gap-2", className)}
      {...props}
    />
  )
}

function DialogFooter({
  className,
  showCloseButton = false,
  children,
  ...props
}: React.ComponentProps<"div"> & {
  showCloseButton?: boolean
}) {
  return (
    <div
      data-slot="dialog-footer"
      className={cn(
        "-mx-4 -mb-4 flex flex-col-reverse gap-2 rounded-b-xl border-t bg-muted/50 p-4 sm:flex-row sm:justify-end",
        className
      )}
      {...props}
    >
      {children}
      {showCloseButton && (
        <DialogPrimitive.Close render={<Button variant="outline" />}>
          Close
        </DialogPrimitive.Close>
      )}
    </div>
  )
}

function DialogTitle({ className, ...props }: DialogPrimitive.Title.Props) {
  return (
    <DialogPrimitive.Title
      data-slot="dialog-title"
      className={cn(
        "font-heading text-base leading-none font-medium",
        className
      )}
      {...props}
    />
  )
}

function DialogDescription({
  className,
  ...props
}: DialogPrimitive.Description.Props) {
  return (
    <DialogPrimitive.Description
      data-slot="dialog-description"
      className={cn(
        "text-sm text-muted-foreground *:[a]:underline *:[a]:underline-offset-3 *:[a]:hover:text-foreground",
        className
      )}
      {...props}
    />
  )
}

export {
  Dialog,
  DialogClose,
  DialogContent,
  DialogDescription,
  DialogFooter,
  DialogHeader,
  DialogOverlay,
  DialogPortal,
  DialogTitle,
  DialogTrigger,
}


=== input.tsx ===
import * as React from "react"
import { Input as InputPrimitive } from "@base-ui/react/input"

import { cn } from "@/lib/utils"

function Input({ className, type, ...props }: React.ComponentProps<"input">) {
  return (
    <InputPrimitive
      type={type}
      data-slot="input"
      className={cn(
        "h-8 w-full min-w-0 rounded-lg border border-input bg-transparent px-2.5 py-1 text-base transition-colors outline-none file:inline-flex file:h-6 file:border-0 file:bg-transparent file:text-sm file:font-medium file:text-foreground placeholder:text-muted-foreground focus-visible:border-ring focus-visible:ring-3 focus-visible:ring-ring/50 disabled:pointer-events-none disabled:cursor-not-allowed disabled:bg-input/50 disabled:opacity-50 aria-invalid:border-destructive aria-invalid:ring-3 aria-invalid:ring-destructive/20 md:text-sm dark:bg-input/30 dark:disabled:bg-input/80 dark:aria-invalid:border-destructive/50 dark:aria-invalid:ring-destructive/40",
        className
      )}
      {...props}
    />
  )
}

export { Input }


=== select.tsx ===
"use client"

import * as React from "react"
import { Select as SelectPrimitive } from "@base-ui/react/select"

import { cn } from "@/lib/utils"
import { ChevronDownIcon, CheckIcon, ChevronUpIcon } from "lucide-react"

const Select = SelectPrimitive.Root

function SelectGroup({ className, ...props }: SelectPrimitive.Group.Props) {
  return (
    <SelectPrimitive.Group
      data-slot="select-group"
      className={cn("scroll-my-1 p-1", className)}
      {...props}
    />
  )
}

function SelectValue({ className, ...props }: SelectPrimitive.Value.Props) {
  return (
    <SelectPrimitive.Value
      data-slot="select-value"
      className={cn("flex flex-1 text-left", className)}
      {...props}
    />
  )
}

function SelectTrigger({
  className,
  size = "default",
  children,
  ...props
}: SelectPrimitive.Trigger.Props & {
  size?: "sm" | "default"
}) {
  return (
    <SelectPrimitive.Trigger
      data-slot="select-trigger"
      data-size={size}
      className={cn(
        "flex w-fit items-center justify-between gap-1.5 rounded-lg border border-input bg-transparent py-2 pr-2 pl-2.5 text-sm whitespace-nowrap transition-colors outline-none select-none focus-visible:border-ring focus-visible:ring-3 focus-visible:ring-ring/50 disabled:cursor-not-allowed disabled:opacity-50 aria-invalid:border-destructive aria-invalid:ring-3 aria-invalid:ring-destructive/20 data-placeholder:text-muted-foreground data-[size=default]:h-8 data-[size=sm]:h-7 data-[size=sm]:rounded-[min(var(--radius-md),10px)] *:data-[slot=select-value]:line-clamp-1 *:data-[slot=select-value]:flex *:data-[slot=select-value]:items-center *:data-[slot=select-value]:gap-1.5 dark:bg-input/30 dark:hover:bg-input/50 dark:aria-invalid:border-destructive/50 dark:aria-invalid:ring-destructive/40 [&_svg]:pointer-events-none [&_svg]:shrink-0 [&_svg:not([class*='size-'])]:size-4",
        className
      )}
      {...props}
    >
      {children}
      <SelectPrimitive.Icon
        render={
          <ChevronDownIcon className="pointer-events-none size-4 text-muted-foreground" />
        }
      />
    </SelectPrimitive.Trigger>
  )
}

function SelectContent({
  className,
  children,
  side = "bottom",
  sideOffset = 4,
  align = "center",
  alignOffset = 0,
  alignItemWithTrigger = true,
  ...props
}: SelectPrimitive.Popup.Props &
  Pick<
    SelectPrimitive.Positioner.Props,
    "align" | "alignOffset" | "side" | "sideOffset" | "alignItemWithTrigger"
  >) {
  return (
    <SelectPrimitive.Portal>
      <SelectPrimitive.Positioner
        side={side}
        sideOffset={sideOffset}
        align={align}
        alignOffset={alignOffset}
        alignItemWithTrigger={alignItemWithTrigger}
        className="isolate z-50"
      >
        <SelectPrimitive.Popup
          data-slot="select-content"
          data-align-trigger={alignItemWithTrigger}
          className={cn("relative isolate z-50 max-h-(--available-height) w-(--anchor-width) min-w-36 origin-(--transform-origin) overflow-x-hidden overflow-y-auto rounded-lg bg-popover text-popover-foreground shadow-md ring-1 ring-foreground/10 duration-100 data-[align-trigger=true]:animate-none data-[side=bottom]:slide-in-from-top-2 data-[side=inline-end]:slide-in-from-left-2 data-[side=inline-start]:slide-in-from-right-2 data-[side=left]:slide-in-from-right-2 data-[side=right]:slide-in-from-left-2 data-[side=top]:slide-in-from-bottom-2 data-open:animate-in data-open:fade-in-0 data-open:zoom-in-95 data-closed:animate-out data-closed:fade-out-0 data-closed:zoom-out-95", className )}
          {...props}
        >
          <SelectScrollUpButton />
          <SelectPrimitive.List>{children}</SelectPrimitive.List>
          <SelectScrollDownButton />
        </SelectPrimitive.Popup>
      </SelectPrimitive.Positioner>
    </SelectPrimitive.Portal>
  )
}

function SelectLabel({
  className,
  ...props
}: SelectPrimitive.GroupLabel.Props) {
  return (
    <SelectPrimitive.GroupLabel
      data-slot="select-label"
      className={cn("px-1.5 py-1 text-xs text-muted-foreground", className)}
      {...props}
    />
  )
}

function SelectItem({
  className,
  children,
  ...props
}: SelectPrimitive.Item.Props) {
  return (
    <SelectPrimitive.Item
      data-slot="select-item"
      className={cn(
        "relative flex w-full cursor-default items-center gap-1.5 rounded-md py-1 pr-8 pl-1.5 text-sm outline-hidden select-none focus:bg-accent focus:text-accent-foreground not-data-[variant=destructive]:focus:**:text-accent-foreground data-disabled:pointer-events-none data-disabled:opacity-50 [&_svg]:pointer-events-none [&_svg]:shrink-0 [&_svg:not([class*='size-'])]:size-4 *:[span]:last:flex *:[span]:last:items-center *:[span]:last:gap-2",
        className
      )}
      {...props}
    >
      <SelectPrimitive.ItemText className="flex flex-1 shrink-0 gap-2 whitespace-nowrap">
        {children}
      </SelectPrimitive.ItemText>
      <SelectPrimitive.ItemIndicator
        render={
          <span className="pointer-events-none absolute right-2 flex size-4 items-center justify-center" />
        }
      >
        <CheckIcon className="pointer-events-none" />
      </SelectPrimitive.ItemIndicator>
    </SelectPrimitive.Item>
  )
}

function SelectSeparator({
  className,
  ...props
}: SelectPrimitive.Separator.Props) {
  return (
    <SelectPrimitive.Separator
      data-slot="select-separator"
      className={cn("pointer-events-none -mx-1 my-1 h-px bg-border", className)}
      {...props}
    />
  )
}

function SelectScrollUpButton({
  className,
  ...props
}: React.ComponentProps<typeof SelectPrimitive.ScrollUpArrow>) {
  return (
    <SelectPrimitive.ScrollUpArrow
      data-slot="select-scroll-up-button"
      className={cn(
        "top-0 z-10 flex w-full cursor-default items-center justify-center bg-popover py-1 [&_svg:not([class*='size-'])]:size-4",
        className
      )}
      {...props}
    >
      <ChevronUpIcon
      />
    </SelectPrimitive.ScrollUpArrow>
  )
}

function SelectScrollDownButton({
  className,
  ...props
}: React.ComponentProps<typeof SelectPrimitive.ScrollDownArrow>) {
  return (
    <SelectPrimitive.ScrollDownArrow
      data-slot="select-scroll-down-button"
      className={cn(
        "bottom-0 z-10 flex w-full cursor-default items-center justify-center bg-popover py-1 [&_svg:not([class*='size-'])]:size-4",
        className
      )}
      {...props}
    >
      <ChevronDownIcon
      />
    </SelectPrimitive.ScrollDownArrow>
  )
}

export {
  Select,
  SelectContent,
  SelectGroup,
  SelectItem,
  SelectLabel,
  SelectScrollDownButton,
  SelectScrollUpButton,
  SelectSeparator,
  SelectTrigger,
  SelectValue,
}


=== table.tsx ===
"use client"

import * as React from "react"

import { cn } from "@/lib/utils"

function Table({ className, ...props }: React.ComponentProps<"table">) {
  return (
    <div
      data-slot="table-container"
      className="relative w-full overflow-x-auto"
    >
      <table
        data-slot="table"
        className={cn("w-full caption-bottom text-sm", className)}
        {...props}
      />
    </div>
  )
}

function TableHeader({ className, ...props }: React.ComponentProps<"thead">) {
  return (
    <thead
      data-slot="table-header"
      className={cn("[&_tr]:border-b", className)}
      {...props}
    />
  )
}

function TableBody({ className, ...props }: React.ComponentProps<"tbody">) {
  return (
    <tbody
      data-slot="table-body"
      className={cn("[&_tr:last-child]:border-0", className)}
      {...props}
    />
  )
}

function TableFooter({ className, ...props }: React.ComponentProps<"tfoot">) {
  return (
    <tfoot
      data-slot="table-footer"
      className={cn(
        "border-t bg-muted/50 font-medium [&>tr]:last:border-b-0",
        className
      )}
      {...props}
    />
  )
}

function TableRow({ className, ...props }: React.ComponentProps<"tr">) {
  return (
    <tr
      data-slot="table-row"
      className={cn(
        "border-b transition-colors hover:bg-muted/50 has-aria-expanded:bg-muted/50 data-[state=selected]:bg-muted",
        className
      )}
      {...props}
    />
  )
}

function TableHead({ className, ...props }: React.ComponentProps<"th">) {
  return (
    <th
      data-slot="table-head"
      className={cn(
        "h-10 px-2 text-left align-middle font-medium whitespace-nowrap text-foreground [&:has([role=checkbox])]:pr-0",
        className
      )}
      {...props}
    />
  )
}

function TableCell({ className, ...props }: React.ComponentProps<"td">) {
  return (
    <td
      data-slot="table-cell"
      className={cn(
        "p-2 align-middle whitespace-nowrap [&:has([role=checkbox])]:pr-0",
        className
      )}
      {...props}
    />
  )
}

function TableCaption({
  className,
  ...props
}: React.ComponentProps<"caption">) {
  return (
    <caption
      data-slot="table-caption"
      className={cn("mt-4 text-sm text-muted-foreground", className)}
      {...props}
    />
  )
}

export {
  Table,
  TableHeader,
  TableBody,
  TableFooter,
  TableHead,
  TableRow,
  TableCell,
  TableCaption,
}


=== label.tsx ===
"use client"

import * as React from "react"

import { cn } from "@/lib/utils"

function Label({ className, ...props }: React.ComponentProps<"label">) {
  return (
    <label
      data-slot="label"
      className={cn(
        "flex items-center gap-2 text-sm leading-none font-medium select-none group-data-[disabled=true]:pointer-events-none group-data-[disabled=true]:opacity-50 peer-disabled:cursor-not-allowed peer-disabled:opacity-50",
        className
      )}
      {...props}
    />
  )
}

export { Label }

