=== SED RESULT ===
OK

=== VERIFY PORT MAPPING ===
46:      - "8081:80"


=== DOCKER COMPOSE UP NGINX ===
itam-nginx

STDERR: time="2026-05-20T09:23:38Z" level=warning msg="/opt/itam/docker-compose.yml: the attribute `version` is obsolete, it will be ignored, please remove it to avoid potential confusion"
 Container itam-postgres-prod Running 
 Container itam-app-prod Running 
 Container itam-nginx Creating 
 Container itam-nginx Created 
 Container itam-postgres-prod Waiting 
 Container itam-postgres-prod Healthy 
 Container itam-nginx Starting 
 Container itam-nginx Started 


=== DOCKER PS ===
NAMES                STATUS                   PORTS
itam-nginx           Up Less than a second    0.0.0.0:443->443/tcp, [::]:443->443/tcp, 0.0.0.0:8081->80/tcp, [::]:8081->80/tcp
itam-app-prod        Up 3 minutes             0.0.0.0:3000->3000/tcp, [::]:3000->3000/tcp
itam-postgres-prod   Up 4 minutes (healthy)   0.0.0.0:5432->5432/tcp, [::]:5432->5432/tcp

