=== NEXTAUTH ROUTE ===
import NextAuth from "next-auth";
import { authOptions } from "@/lib/auth";

const handler = NextAuth(authOptions);

export { handler as GET, handler as POST };


=== .env FILE ===
DATABASE_URL="postgresql://itam:itam_secure_pass@db:5432/itam?schema=public"
NEXTAUTH_URL="http://192.168.1.38:3000"
NEXTAUTH_SECRET="f3fdf89a19c3c82d46817c148ae8e4a7aef75a409cdb72bda7f1e1e0de00bc1a"
NODE_ENV="production"
DB_USER="itam"
DB_PASSWORD="itam_secure_pass"
DB_NAME="itam"
GOOGLE_CLIENT_ID=your-google-client-id
GOOGLE_CLIENT_SECRET=your-google-client-secret


=== FILES WITH GOOGLE ===
/opt/itam/app/login/page.tsx
/opt/itam/app/layout.tsx


=== AUTH.TS ===
import { NextAuthOptions } from "next-auth";
import CredentialsProvider from "next-auth/providers/credentials";
import GoogleProvider from "next-auth/providers/google";
import bcrypt from "bcryptjs";
import { prisma } from "./prisma";

export const authOptions: NextAuthOptions = {
  providers: [
    GoogleProvider({
      clientId: process.env.GOOGLE_CLIENT_ID!,
      clientSecret: process.env.GOOGLE_CLIENT_SECRET!,
    }),
    CredentialsProvider({
      name: "credentials",
      credentials: {
        email: { label: "Email", type: "email" },
        password: { label: "Password", type: "password" },
      },
      async authorize(credentials) {
        if (!credentials?.email || !credentials?.password) {
          return null;
        }

        const user = await prisma.user.findUnique({
          where: { email: credentials.email },
        });

        if (!user || !user.password) {
          return null;
        }

        const isPasswordValid = await bcrypt.compare(
          credentials.password,
          user.password
        );

        if (!isPasswordValid) {
          return null;
        }

        return {
          id: user.id,
          email: user.email,
          name: user.name,
          role: user.role,
          department: user.department,
        };
      },
    }),
  ],
  callbacks: {
    async signIn({ account, profile }) {
      if (account?.provider === "google") {
        const email = (profile as any)?.email as string;
        const hostedDomain = (profile as any)?.hd as string | undefined;

        // Restrict sign-in to @expertflow.com domain only
        const isAllowed =
          email?.endsWith("@expertflow.com") ||
          hostedDomain === "expertflow.com";

        if (!isAllowed) {
          return false;
        }

        // Find or create the user in the database
        const existingUser = await prisma.user.findUnique({
          where: { email },
        });

        if (!existingUser) {
          await prisma.user.create({
            data: {
              email,
              name: (profile as any)?.name || email.split("@")[0],
              role: "EMPLOYEE",
              department: "General",
            },
          });
        }
      }
      return true;
    },
    async jwt({ token, user, account }) {
      if (user) {
        if (account?.provider === "google") {
          const dbUser = await prisma.user.findUnique({
            where: { email: user.email! },
          });
          if (dbUser) {
            token.id = dbUser.id;
            token.role = dbUser.role;
            token.department = dbUser.department;
          }
        } else {
          token.id = user.id;
          token.role = (user as any).role;
          token.department = (user as any).department;
        }
      }
      return token;
    },
    async session({ session, token }) {
      if (token) {
        session.user.id = token.id as string;
        session.user.role = token.role as string;
        session.user.department = token.department as string;
      }
      return session;
    },
  },
  pages: {
    signIn: "/login",
  },
  session: {
    strategy: "jwt",
  },
  secret: process.env.NEXTAUTH_SECRET,
};

