=== SESSION LIB ===
import { getServerSession } from "next-auth/next";
import { authOptions } from "./auth";

export async function getSession() {
  return getServerSession(authOptions);
}

export async function getCurrentUser() {
  const session = await getSession();
  return session?.user;
}


=== VALIDATIONS ===
/opt/itam/lib/validations/asset.ts
import { z } from "zod";
import { AssetType, LifecycleState } from "@prisma/client";

export const assetTypeEnum = z.enum(["HARDWARE", "SOFTWARE", "CLOUD", "PERIPHERAL"]);
export const lifecycleStateEnum = z.enum([
  "REQUESTED",
  "PROCURED",
  "REGISTERED",
  "DEPLOYED",
  "MAINTENANCE",
  "RETIRED",
]);

export const softwareDetailSchema = z.object({
  licenseType: z.string().min(1, "License type is required"),
  licenseKey: z.string().optional(),
  seatsTotal: z.union([z.string(), z.number()]).transform((v) => (v === "" ? 0 : Number(v))).pipe(z.number().int().min(0)),
  seatsUsed: z.union([z.string(), z.number()]).transform((v) => (v === "" ? 0 : Number(v))).pipe(z.number().int().min(0)).default(0),
  renewalDate: z.string().optional().nullable(),
  vendor: z.string().min(1, "Vendor is required"),
});

export const createAssetSchema = z.object({
  tag: z.string().min(1, "Asset tag is required"),
  title: z.string().min(1, "Title is required"),
  type: assetTypeEnum,
  status: lifecycleStateEnum.optional(),
  costCenter: z.string().min(1, "Cost center is required"),
  department: z.string().min(1, "Department is required"),
  assignedTo: z.string().optional().nullable(),
  purchaseDate: z.string().optional().nullable(),
  warrantyExpiry: z.string().optional().nullable(),
  softwareDetail: softwareDetailSchema.optional(),
});

export const updateAssetSchema = createAssetSchema.partial();

// Form-specific schema that accepts strings for number inputs
export const assetFormSchema = z.object({
  tag: z.string().min(1, "Asset tag is required"),
  title: z.string().min(1, "Title is required"),
  type: assetTypeEnum,
  status: lifecycleStateEnum.optional(),
  costCenter: z.string().min(1, "Cost center is required"),
  department: z.string().min(1, "Department is required"),
  assignedTo: z.string().optional().nullable(),
  purchaseDate: z.string().optional().nullable(),
  warrantyExpiry: z.string().optional().nullable(),
  softwareDetail: z.object({
    licenseType: z.string().min(1, "License type is required"),
    licenseKey: z.string().optional(),
    seatsTotal: z.string().optional().nullable(),
    seatsUsed: z.string().optional().nullable(),
    renewalDate: z.string().optional().nullable(),
    vendor: z.string().min(1, "Vendor is required"),
  }).optional(),
});

export const assetQuerySchema = z.object({
  page: z.coerce.number().int().min(1).default(1),
  limit: z.coerce.number().int().min(1).max(100).default(20),
  type: z.string().optional(),
  status: z.string().optional(),
  department: z.string().optional(),
  costCenter: z.string().optional(),
  q: z.string().optional(),
});

export type CreateAssetInput = z.infer<typeof createAssetSchema>;
export type UpdateAssetInput = z.infer<typeof updateAssetSchema>;


=== COMPONENTS ===
/opt/itam/components/assets/asset-detail.tsx
/opt/itam/components/assets/asset-form.tsx
/opt/itam/components/assets/asset-table.tsx
/opt/itam/components/assets/status-transition.tsx
/opt/itam/components/compliance/aging-table.tsx
/opt/itam/components/compliance/charts.tsx
/opt/itam/components/compliance/kpi-card.tsx
/opt/itam/components/compliance/license-table.tsx
/opt/itam/components/logout-button.tsx
/opt/itam/components/maintenance/maintenance-modal.tsx
/opt/itam/components/maintenance/reassign-modal.tsx
/opt/itam/components/maintenance/return-to-service-button.tsx
/opt/itam/components/requests/request-form.tsx
/opt/itam/components/requests/request-list.tsx
/opt/itam/components/ui/badge.tsx
/opt/itam/components/ui/button.tsx
/opt/itam/components/ui/card.tsx
/opt/itam/components/ui/dialog.tsx
/opt/itam/components/ui/input.tsx
/opt/itam/components/ui/label.tsx
/opt/itam/components/ui/select.tsx
/opt/itam/components/ui/separator.tsx
/opt/itam/components/ui/table.tsx
/opt/itam/components/ui/textarea.tsx


=== LOGOUT BUTTON ===
"use client";

import { signOut } from "next-auth/react";
import { LogOut } from "lucide-react";

export function LogoutButton() {
  return (
    <button
      onClick={() => signOut({ callbackUrl: "/login" })}
      className="flex w-full items-center gap-3 rounded-xl px-3.5 py-2.5 text-sm font-medium text-gray-500 transition-all hover:bg-red-50 hover:text-red-600"
    >
      <LogOut className="h-[18px] w-[18px]" />
      Sign Out
    </button>
  );
}

